###############################################################################
#
# IAR ELF Linker V9.32.2.340/W64 for ARM                  29/Jan/2025  18:10:36
# Copyright 2007-2023 IAR Systems AB.
#
#    Output file  =  D:\WORK\PUD\PUD2023\EWARM\PUD2023\Exe\PUD2023.out
#    Map file     =  D:\WORK\PUD\PUD2023\EWARM\PUD2023\List\PUD2023.map
#    Command line =
#        -f D:\WORK\PUD\PUD2023\EWARM\PUD2023\Exe\PUD2023.out.rsp
#        (D:\WORK\PUD\PUD2023\EWARM\PUD2023\Obj\Application\User\Core\dma.o
#        D:\WORK\PUD\PUD2023\EWARM\PUD2023\Obj\Application\User\Core\fdcan.o
#        D:\WORK\PUD\PUD2023\EWARM\PUD2023\Obj\Application\User\Core\gpio.o
#        D:\WORK\PUD\PUD2023\EWARM\PUD2023\Obj\Application\User\Core\i2c.o
#        D:\WORK\PUD\PUD2023\EWARM\PUD2023\Obj\Application\User\Core\main.o
#        D:\WORK\PUD\PUD2023\EWARM\PUD2023\Obj\Application\PUD\TASKS\MainTask.o
#        D:\WORK\PUD\PUD2023\EWARM\PUD2023\Obj\Application\User\Core\memorymap.o
#        D:\WORK\PUD\PUD2023\EWARM\PUD2023\Obj\Application\PUD\modbus.o
#        D:\WORK\PUD\PUD2023\EWARM\PUD2023\Obj\Application\PUD\pud.o
#        D:\WORK\PUD\PUD2023\EWARM\PUD2023\Obj\Application\User\Core\spi.o
#        D:\WORK\PUD\PUD2023\EWARM\PUD2023\Obj\Application\EWARM\startup_stm32h743xx.o
#        D:\WORK\PUD\PUD2023\EWARM\PUD2023\Obj\Drivers\STM32H7xx_HAL_Driver\stm32h7xx_hal.o
#        D:\WORK\PUD\PUD2023\EWARM\PUD2023\Obj\Drivers\STM32H7xx_HAL_Driver\stm32h7xx_hal_cortex.o
#        D:\WORK\PUD\PUD2023\EWARM\PUD2023\Obj\Drivers\STM32H7xx_HAL_Driver\stm32h7xx_hal_dma.o
#        D:\WORK\PUD\PUD2023\EWARM\PUD2023\Obj\Drivers\STM32H7xx_HAL_Driver\stm32h7xx_hal_dma_ex.o
#        D:\WORK\PUD\PUD2023\EWARM\PUD2023\Obj\Drivers\STM32H7xx_HAL_Driver\stm32h7xx_hal_exti.o
#        D:\WORK\PUD\PUD2023\EWARM\PUD2023\Obj\Drivers\STM32H7xx_HAL_Driver\stm32h7xx_hal_fdcan.o
#        D:\WORK\PUD\PUD2023\EWARM\PUD2023\Obj\Drivers\STM32H7xx_HAL_Driver\stm32h7xx_hal_flash.o
#        D:\WORK\PUD\PUD2023\EWARM\PUD2023\Obj\Drivers\STM32H7xx_HAL_Driver\stm32h7xx_hal_flash_ex.o
#        D:\WORK\PUD\PUD2023\EWARM\PUD2023\Obj\Drivers\STM32H7xx_HAL_Driver\stm32h7xx_hal_gpio.o
#        D:\WORK\PUD\PUD2023\EWARM\PUD2023\Obj\Drivers\STM32H7xx_HAL_Driver\stm32h7xx_hal_hsem.o
#        D:\WORK\PUD\PUD2023\EWARM\PUD2023\Obj\Drivers\STM32H7xx_HAL_Driver\stm32h7xx_hal_i2c.o
#        D:\WORK\PUD\PUD2023\EWARM\PUD2023\Obj\Drivers\STM32H7xx_HAL_Driver\stm32h7xx_hal_i2c_ex.o
#        D:\WORK\PUD\PUD2023\EWARM\PUD2023\Obj\Drivers\STM32H7xx_HAL_Driver\stm32h7xx_hal_mdma.o
#        D:\WORK\PUD\PUD2023\EWARM\PUD2023\Obj\Application\User\Core\stm32h7xx_hal_msp.o
#        D:\WORK\PUD\PUD2023\EWARM\PUD2023\Obj\Drivers\STM32H7xx_HAL_Driver\stm32h7xx_hal_pwr.o
#        D:\WORK\PUD\PUD2023\EWARM\PUD2023\Obj\Drivers\STM32H7xx_HAL_Driver\stm32h7xx_hal_pwr_ex.o
#        D:\WORK\PUD\PUD2023\EWARM\PUD2023\Obj\Drivers\STM32H7xx_HAL_Driver\stm32h7xx_hal_rcc.o
#        D:\WORK\PUD\PUD2023\EWARM\PUD2023\Obj\Drivers\STM32H7xx_HAL_Driver\stm32h7xx_hal_rcc_ex.o
#        D:\WORK\PUD\PUD2023\EWARM\PUD2023\Obj\Drivers\STM32H7xx_HAL_Driver\stm32h7xx_hal_spi.o
#        D:\WORK\PUD\PUD2023\EWARM\PUD2023\Obj\Drivers\STM32H7xx_HAL_Driver\stm32h7xx_hal_spi_ex.o
#        D:\WORK\PUD\PUD2023\EWARM\PUD2023\Obj\Drivers\STM32H7xx_HAL_Driver\stm32h7xx_hal_tim.o
#        D:\WORK\PUD\PUD2023\EWARM\PUD2023\Obj\Drivers\STM32H7xx_HAL_Driver\stm32h7xx_hal_tim_ex.o
#        D:\WORK\PUD\PUD2023\EWARM\PUD2023\Obj\Drivers\STM32H7xx_HAL_Driver\stm32h7xx_hal_uart.o
#        D:\WORK\PUD\PUD2023\EWARM\PUD2023\Obj\Drivers\STM32H7xx_HAL_Driver\stm32h7xx_hal_uart_ex.o
#        D:\WORK\PUD\PUD2023\EWARM\PUD2023\Obj\Application\User\Core\stm32h7xx_it.o
#        D:\WORK\PUD\PUD2023\EWARM\PUD2023\Obj\Drivers\CMSIS\system_stm32h7xx.o
#        D:\WORK\PUD\PUD2023\EWARM\PUD2023\Obj\Application\User\Core\tim.o
#        D:\WORK\PUD\PUD2023\EWARM\PUD2023\Obj\Application\PUD\tle7230.o
#        D:\WORK\PUD\PUD2023\EWARM\PUD2023\Obj\Application\User\Core\usart.o
#        --no_out_extension -o
#        D:\WORK\PUD\PUD2023\EWARM\PUD2023\Exe\PUD2023.out --redirect
#        _Printf=_PrintfFullNoMb --redirect _Scanf=_ScanfFullNoMb --map
#        D:\WORK\PUD\PUD2023\EWARM\PUD2023\List\PUD2023.map --config
#        D:\WORK\PUD\PUD2023\EWARM/stm32h743xx_flash.icf --semihosting --entry
#        __iar_program_start --vfe --text_out locale --cpu=Cortex-M7
#        --fpu=VFPv5_d16)
#
###############################################################################

*******************************************************************************
*** RUNTIME MODEL ATTRIBUTES
***

CppFlavor       = *
__CPP_Runtime   = 1
__SystemLibrary = DLib
__dlib_version  = 6


*******************************************************************************
*** HEAP SELECTION
***

The basic heap was selected because --advanced_heap
was not specified and the application did not appear to
be primarily optimized for speed.


*******************************************************************************
*** PLACEMENT SUMMARY
***

"P1":  place in [from 0x2400'0000 to 0x2403'ffff] { section .dma_buffer };
"A0":  place at address 0x800'0000 { ro section .intvec };
"P2":  place in [from 0x800'0000 to 0x81f'ffff] { ro };
define block CSTACK with size = 16K, alignment = 8 { };
define block HEAP with size = 32K, alignment = 8 { };
"P3":  place in [from 0x2000'0000 to 0x2001'ffff] {
          rw, block CSTACK, block HEAP };
initialize by copy { rw };

  Section            Kind         Address    Size  Object
  -------            ----         -------    ----  ------
"A0":                                       0x298
  .intvec            ro code   0x800'0000   0x298  startup_stm32h743xx.o [1]
                             - 0x800'0298   0x298

"P2":                                      0xa69a
  .text              ro code   0x800'0298  0x2288  stm32h7xx_hal_dma.o [6]
  .text              ro code   0x800'2520     0xc  stm32h7xx_hal.o [6]
  .text              ro code   0x800'252c  0x12c0  stm32h7xx_hal_rcc_ex.o [6]
  .text              ro code   0x800'37ec   0x568  stm32h7xx_hal_rcc.o [6]
  .text              ro code   0x800'3d54    0x58  stm32h7xx_hal.o [6]
  .text              ro code   0x800'3dac   0x158  stm32h7xx_hal_cortex.o [6]
  .text              ro code   0x800'3f04  0x1042  stm32h7xx_hal_spi.o [6]
  .text              ro code   0x800'4f46    0x3a  packbits_init_single.o [9]
  .text              ro code   0x800'4f80   0x48c  spi.o [4]
  .text              ro code   0x800'540c     0x2  stm32h7xx_hal_spi.o [6]
  .text              ro code   0x800'540e     0x2  stm32h7xx_hal_spi.o [6]
  .text              ro code   0x800'5410   0x400  main.o [4]
  .text              ro code   0x800'5810     0x2  stm32h7xx_hal_spi.o [6]
  .text              ro code   0x800'5812    0x14  memset.o [9]
  .text              ro code   0x800'5828   0x294  stm32h7xx_hal_gpio.o [6]
  .text              ro code   0x800'5abc   0x1c8  stm32h7xx_hal_dma_ex.o [6]
  .text              ro code   0x800'5c84    0x74  stm32h7xx_hal.o [6]
  .text              ro code   0x800'5cf8   0x1cc  gpio.o [4]
  .text              ro code   0x800'5ec4    0x5c  dma.o [4]
  .text              ro code   0x800'5f20   0x53c  usart.o [4]
  .text              ro code   0x800'645c    0xd4  i2c.o [4]
  .text              ro code   0x800'6530   0x254  tim.o [4]
  .text              ro code   0x800'6784   0x164  fdcan.o [4]
  .text              ro code   0x800'68e8     0x4  MainTask.o [3]
  .text              ro code   0x800'68ec    0xf0  tle7230.o [2]
  .text              ro code   0x800'69dc   0x578  pud.o [2]
  .text              ro code   0x800'6f54   0xd18  stm32h7xx_hal_fdcan.o [6]
  .text              ro code   0x800'7c6c    0x28  stm32h7xx_hal.o [6]
  .text              ro code   0x800'7c94    0x58  stm32h7xx_hal_pwr_ex.o [6]
  .text              ro code   0x800'7cec   0x700  stm32h7xx_hal_rcc.o [6]
  .text              ro code   0x800'83ec   0x2f4  cos_sin64.o [8]
  .text              ro code   0x800'86e0    0x66  ABImemset.o [9]
  .text              ro code   0x800'8748    0x20  stm32h7xx_hal_msp.o [4]
  .text              ro code   0x800'8768   0x8e4  stm32h7xx_hal_uart.o [6]
  .text              ro code   0x800'904c   0x20c  stm32h7xx_hal_uart_ex.o [6]
  .text              ro code   0x800'9258    0xde  stm32h7xx_hal_i2c.o [6]
  .text              ro code   0x800'9338    0xc6  stm32h7xx_hal_i2c_ex.o [6]
  .text              ro code   0x800'9400   0x99a  stm32h7xx_hal_tim.o [6]
  .text              ro code   0x800'9d9c   0x160  stm32h7xx_hal_tim_ex.o [6]
  .text              ro code   0x800'9efc   0x1a4  modbus.o [2]
  .text              ro code   0x800'a0a0    0x86  ABImemcpy.o [9]
  .text              ro code   0x800'a126     0x2  stm32h7xx_hal_fdcan.o [6]
  .text              ro code   0x800'a128     0x2  stm32h7xx_hal_fdcan.o [6]
  .text              ro code   0x800'a12a     0x2  stm32h7xx_hal_fdcan.o [6]
  .text              ro code   0x800'a12c     0x2  stm32h7xx_hal_fdcan.o [6]
  .text              ro code   0x800'a12e     0x2  stm32h7xx_hal_fdcan.o [6]
  .text              ro code   0x800'a130     0x2  stm32h7xx_hal_fdcan.o [6]
  .text              ro code   0x800'a132     0x2  stm32h7xx_hal_fdcan.o [6]
  .text              ro code   0x800'a134     0x2  stm32h7xx_hal_fdcan.o [6]
  .text              ro code   0x800'a136     0x2  stm32h7xx_hal_fdcan.o [6]
  .text              ro code   0x800'a138     0x2  stm32h7xx_hal_fdcan.o [6]
  .text              ro code   0x800'a13a     0x2  stm32h7xx_hal_fdcan.o [6]
  .text              ro code   0x800'a13c     0x2  stm32h7xx_hal_fdcan.o [6]
  .text              ro code   0x800'a13e     0x2  stm32h7xx_hal_fdcan.o [6]
  .text              ro code   0x800'a140     0x2  stm32h7xx_hal_fdcan.o [6]
  .text              ro code   0x800'a142     0x2  stm32h7xx_hal_fdcan.o [6]
  .text              ro code   0x800'a144     0x2  stm32h7xx_hal_fdcan.o [6]
  .text              ro code   0x800'a148   0x230  I64DivMod.o [9]
  .text              ro code   0x800'a378     0x2  stm32h7xx_hal_tim.o [6]
  .text              ro code   0x800'a37a     0x2  stm32h7xx_hal_tim.o [6]
  .text              ro code   0x800'a37c     0x2  stm32h7xx_hal_tim.o [6]
  .text              ro code   0x800'a37e     0x2  stm32h7xx_hal_tim.o [6]
  .text              ro code   0x800'a380     0x2  stm32h7xx_hal_tim_ex.o [6]
  .text              ro code   0x800'a382     0x2  stm32h7xx_hal_tim_ex.o [6]
  .text              ro code   0x800'a384     0x2  stm32h7xx_hal_tim.o [6]
  .text              ro code   0x800'a386     0x2  stm32h7xx_hal_tim_ex.o [6]
  .text              ro code   0x800'a388     0x2  I64DivZer.o [9]
  .text              ro code   0x800'a38c   0x114  system_stm32h7xx.o [5]
  .text              ro code   0x800'a4a0    0x9c  stm32h7xx_it.o [4]
  .text              ro code   0x800'a53c    0x18  stm32h7xx_hal.o [6]
  .rodata            const     0x800'a554    0x4c  stm32h7xx_hal_fdcan.o [6]
  .text              ro code   0x800'a5a0    0x38  zero_init3.o [9]
  .text              ro code   0x800'a5d8    0x28  data_init.o [9]
  .text              ro code   0x800'a600    0x22  fpinit_M.o [8]
  .iar.init_table    const     0x800'a624    0x28  - Linker created -
  .text              ro code   0x800'a64c    0x1e  cmain.o [9]
  .text              ro code   0x800'a66a     0x4  low_level_init.o [7]
  .text              ro code   0x800'a66e     0x4  exit.o [7]
  .text              ro code   0x800'a674     0xa  cexit.o [9]
  .text              ro code   0x800'a680    0x14  exit.o [10]
  .text              ro code   0x800'a694    0x1c  cstartup_M.o [9]
  .rodata            const     0x800'a6b0    0x18  stm32h7xx_hal_uart.o [6]
  .rodata            const     0x800'a6c8    0x10  stm32h7xx_hal_fdcan.o [6]
  .rodata            const     0x800'a6d8    0x10  system_stm32h7xx.o [5]
  .text              ro code   0x800'a6e8    0x10  startup_stm32h743xx.o [1]
  .rodata            const     0x800'a6f8     0x8  stm32h7xx_hal_dma.o [6]
  .rodata            const     0x800'a700     0x8  stm32h7xx_hal_uart_ex.o [6]
  .rodata            const     0x800'a708     0x8  stm32h7xx_hal_uart_ex.o [6]
  .rodata            const     0x800'a710     0x4  main.o [4]
  .text              ro code   0x800'a714     0x4  startup_stm32h743xx.o [1]
  .text              ro code   0x800'a718     0x4  startup_stm32h743xx.o [1]
  .text              ro code   0x800'a71c     0x4  startup_stm32h743xx.o [1]
  .text              ro code   0x800'a720     0x4  startup_stm32h743xx.o [1]
  .text              ro code   0x800'a724     0x4  startup_stm32h743xx.o [1]
  .text              ro code   0x800'a728     0x4  startup_stm32h743xx.o [1]
  .text              ro code   0x800'a72c     0x4  startup_stm32h743xx.o [1]
  .text              ro code   0x800'a730     0x4  startup_stm32h743xx.o [1]
  .text              ro code   0x800'a734     0x4  startup_stm32h743xx.o [1]
  .text              ro code   0x800'a738     0x4  startup_stm32h743xx.o [1]
  .text              ro code   0x800'a73c     0x4  startup_stm32h743xx.o [1]
  .text              ro code   0x800'a740     0x4  startup_stm32h743xx.o [1]
  .text              ro code   0x800'a744     0x4  startup_stm32h743xx.o [1]
  .text              ro code   0x800'a748     0x4  startup_stm32h743xx.o [1]
  .text              ro code   0x800'a74c     0x4  startup_stm32h743xx.o [1]
  .text              ro code   0x800'a750     0x4  startup_stm32h743xx.o [1]
  .text              ro code   0x800'a754     0x4  startup_stm32h743xx.o [1]
  .text              ro code   0x800'a758     0x4  startup_stm32h743xx.o [1]
  .text              ro code   0x800'a75c     0x4  startup_stm32h743xx.o [1]
  .text              ro code   0x800'a760     0x4  startup_stm32h743xx.o [1]
  .text              ro code   0x800'a764     0x4  startup_stm32h743xx.o [1]
  .text              ro code   0x800'a768     0x4  startup_stm32h743xx.o [1]
  .text              ro code   0x800'a76c     0x4  startup_stm32h743xx.o [1]
  .text              ro code   0x800'a770     0x4  startup_stm32h743xx.o [1]
  .text              ro code   0x800'a774     0x4  startup_stm32h743xx.o [1]
  .text              ro code   0x800'a778     0x4  startup_stm32h743xx.o [1]
  .text              ro code   0x800'a77c     0x4  startup_stm32h743xx.o [1]
  .text              ro code   0x800'a780     0x4  startup_stm32h743xx.o [1]
  .text              ro code   0x800'a784     0x4  startup_stm32h743xx.o [1]
  .text              ro code   0x800'a788     0x4  startup_stm32h743xx.o [1]
  .text              ro code   0x800'a78c     0x4  startup_stm32h743xx.o [1]
  .text              ro code   0x800'a790     0x4  startup_stm32h743xx.o [1]
  .text              ro code   0x800'a794     0x4  startup_stm32h743xx.o [1]
  .text              ro code   0x800'a798     0x4  startup_stm32h743xx.o [1]
  .text              ro code   0x800'a79c     0x4  startup_stm32h743xx.o [1]
  .text              ro code   0x800'a7a0     0x4  startup_stm32h743xx.o [1]
  .text              ro code   0x800'a7a4     0x4  startup_stm32h743xx.o [1]
  .text              ro code   0x800'a7a8     0x4  startup_stm32h743xx.o [1]
  .text              ro code   0x800'a7ac     0x4  startup_stm32h743xx.o [1]
  .text              ro code   0x800'a7b0     0x4  startup_stm32h743xx.o [1]
  .text              ro code   0x800'a7b4     0x4  startup_stm32h743xx.o [1]
  .text              ro code   0x800'a7b8     0x4  startup_stm32h743xx.o [1]
  .text              ro code   0x800'a7bc     0x4  startup_stm32h743xx.o [1]
  .text              ro code   0x800'a7c0     0x4  startup_stm32h743xx.o [1]
  .text              ro code   0x800'a7c4     0x4  startup_stm32h743xx.o [1]
  .text              ro code   0x800'a7c8     0x4  startup_stm32h743xx.o [1]
  .text              ro code   0x800'a7cc     0x4  startup_stm32h743xx.o [1]
  .text              ro code   0x800'a7d0     0x4  startup_stm32h743xx.o [1]
  .text              ro code   0x800'a7d4     0x4  startup_stm32h743xx.o [1]
  .text              ro code   0x800'a7d8     0x4  startup_stm32h743xx.o [1]
  .text              ro code   0x800'a7dc     0x4  startup_stm32h743xx.o [1]
  .text              ro code   0x800'a7e0     0x4  startup_stm32h743xx.o [1]
  .text              ro code   0x800'a7e4     0x4  startup_stm32h743xx.o [1]
  .text              ro code   0x800'a7e8     0x4  startup_stm32h743xx.o [1]
  .text              ro code   0x800'a7ec     0x4  startup_stm32h743xx.o [1]
  .text              ro code   0x800'a7f0     0x4  startup_stm32h743xx.o [1]
  .text              ro code   0x800'a7f4     0x4  startup_stm32h743xx.o [1]
  .text              ro code   0x800'a7f8     0x4  startup_stm32h743xx.o [1]
  .text              ro code   0x800'a7fc     0x4  startup_stm32h743xx.o [1]
  .text              ro code   0x800'a800     0x4  startup_stm32h743xx.o [1]
  .text              ro code   0x800'a804     0x4  startup_stm32h743xx.o [1]
  .text              ro code   0x800'a808     0x4  startup_stm32h743xx.o [1]
  .text              ro code   0x800'a80c     0x4  startup_stm32h743xx.o [1]
  .text              ro code   0x800'a810     0x4  startup_stm32h743xx.o [1]
  .text              ro code   0x800'a814     0x4  startup_stm32h743xx.o [1]
  .text              ro code   0x800'a818     0x4  startup_stm32h743xx.o [1]
  .text              ro code   0x800'a81c     0x4  startup_stm32h743xx.o [1]
  .text              ro code   0x800'a820     0x4  startup_stm32h743xx.o [1]
  .text              ro code   0x800'a824     0x4  startup_stm32h743xx.o [1]
  .text              ro code   0x800'a828     0x4  startup_stm32h743xx.o [1]
  .text              ro code   0x800'a82c     0x4  startup_stm32h743xx.o [1]
  .text              ro code   0x800'a830     0x4  startup_stm32h743xx.o [1]
  .text              ro code   0x800'a834     0x4  startup_stm32h743xx.o [1]
  .text              ro code   0x800'a838     0x4  startup_stm32h743xx.o [1]
  .text              ro code   0x800'a83c     0x4  startup_stm32h743xx.o [1]
  .text              ro code   0x800'a840     0x4  startup_stm32h743xx.o [1]
  .text              ro code   0x800'a844     0x4  startup_stm32h743xx.o [1]
  .text              ro code   0x800'a848     0x4  startup_stm32h743xx.o [1]
  .text              ro code   0x800'a84c     0x4  startup_stm32h743xx.o [1]
  .text              ro code   0x800'a850     0x4  startup_stm32h743xx.o [1]
  .text              ro code   0x800'a854     0x4  startup_stm32h743xx.o [1]
  .text              ro code   0x800'a858     0x4  startup_stm32h743xx.o [1]
  .text              ro code   0x800'a85c     0x4  startup_stm32h743xx.o [1]
  .text              ro code   0x800'a860     0x4  startup_stm32h743xx.o [1]
  .text              ro code   0x800'a864     0x4  startup_stm32h743xx.o [1]
  .text              ro code   0x800'a868     0x4  startup_stm32h743xx.o [1]
  .text              ro code   0x800'a86c     0x4  startup_stm32h743xx.o [1]
  .text              ro code   0x800'a870     0x4  startup_stm32h743xx.o [1]
  .text              ro code   0x800'a874     0x4  startup_stm32h743xx.o [1]
  .text              ro code   0x800'a878     0x4  startup_stm32h743xx.o [1]
  .text              ro code   0x800'a87c     0x4  startup_stm32h743xx.o [1]
  .text              ro code   0x800'a880     0x4  startup_stm32h743xx.o [1]
  .text              ro code   0x800'a884     0x4  startup_stm32h743xx.o [1]
  .text              ro code   0x800'a888     0x4  startup_stm32h743xx.o [1]
  .text              ro code   0x800'a88c     0x4  startup_stm32h743xx.o [1]
  .text              ro code   0x800'a890     0x4  startup_stm32h743xx.o [1]
  .text              ro code   0x800'a894     0x4  startup_stm32h743xx.o [1]
  .text              ro code   0x800'a898     0x4  startup_stm32h743xx.o [1]
  .text              ro code   0x800'a89c     0x4  startup_stm32h743xx.o [1]
  .text              ro code   0x800'a8a0     0x4  startup_stm32h743xx.o [1]
  .text              ro code   0x800'a8a4     0x4  startup_stm32h743xx.o [1]
  .text              ro code   0x800'a8a8     0x4  startup_stm32h743xx.o [1]
  .text              ro code   0x800'a8ac     0x4  startup_stm32h743xx.o [1]
  .text              ro code   0x800'a8b0     0x4  startup_stm32h743xx.o [1]
  .text              ro code   0x800'a8b4     0x4  startup_stm32h743xx.o [1]
  .text              ro code   0x800'a8b8     0x4  startup_stm32h743xx.o [1]
  .text              ro code   0x800'a8bc     0x4  startup_stm32h743xx.o [1]
  .text              ro code   0x800'a8c0     0x4  startup_stm32h743xx.o [1]
  .text              ro code   0x800'a8c4     0x4  startup_stm32h743xx.o [1]
  .text              ro code   0x800'a8c8     0x4  startup_stm32h743xx.o [1]
  .text              ro code   0x800'a8cc     0x4  startup_stm32h743xx.o [1]
  .text              ro code   0x800'a8d0     0x4  startup_stm32h743xx.o [1]
  .text              ro code   0x800'a8d4     0x4  startup_stm32h743xx.o [1]
  .text              ro code   0x800'a8d8     0x4  startup_stm32h743xx.o [1]
  .text              ro code   0x800'a8dc     0x4  startup_stm32h743xx.o [1]
  .text              ro code   0x800'a8e0     0x4  startup_stm32h743xx.o [1]
  .text              ro code   0x800'a8e4     0x4  startup_stm32h743xx.o [1]
  .text              ro code   0x800'a8e8     0x4  startup_stm32h743xx.o [1]
  .text              ro code   0x800'a8ec     0x4  startup_stm32h743xx.o [1]
  .text              ro code   0x800'a8f0     0x4  startup_stm32h743xx.o [1]
  .text              ro code   0x800'a8f4     0x4  startup_stm32h743xx.o [1]
  .text              ro code   0x800'a8f8     0x4  startup_stm32h743xx.o [1]
  .text              ro code   0x800'a8fc     0x4  startup_stm32h743xx.o [1]
  .text              ro code   0x800'a900     0x4  startup_stm32h743xx.o [1]
  .text              ro code   0x800'a904     0x4  startup_stm32h743xx.o [1]
  .text              ro code   0x800'a908     0x4  startup_stm32h743xx.o [1]
  .text              ro code   0x800'a90c     0x4  startup_stm32h743xx.o [1]
  .text              ro code   0x800'a910     0x4  startup_stm32h743xx.o [1]
  .text              ro code   0x800'a914     0x4  startup_stm32h743xx.o [1]
  .rodata            const     0x800'a918     0x0  zero_init3.o [9]
  .rodata            const     0x800'a918     0x0  packbits_init_single.o [9]
  Initializer bytes  const     0x800'a918    0x1a  <for P3-1>
                             - 0x800'a932  0xa69a

"P3", part 1 of 3:                           0x2f
  P3-1                        0x2000'0000    0x2f  <Init block>
    .data            inited   0x2000'0000    0x20  pud.o [2]
    .data            inited   0x2000'0020     0x4  stm32h7xx_hal.o [6]
    .data            inited   0x2000'0024     0x4  system_stm32h7xx.o [5]
    .data            inited   0x2000'0028     0x4  system_stm32h7xx.o [5]
    .data            inited   0x2000'002c     0x1  pud.o [2]
    .data            inited   0x2000'002d     0x1  pud.o [2]
    .data            inited   0x2000'002e     0x1  stm32h7xx_hal.o [6]
                            - 0x2000'002f    0x2f

"P3", part 2 of 3:                          0x878
  .bss               zero     0x2000'0030    0xa0  fdcan.o [4]
  .bss               zero     0x2000'00d0    0x94  usart.o [4]
  .bss               zero     0x2000'0164    0x94  usart.o [4]
  .bss               zero     0x2000'01f8    0x94  usart.o [4]
  .bss               zero     0x2000'028c    0x94  usart.o [4]
  .bss               zero     0x2000'0320    0x94  usart.o [4]
  .bss               zero     0x2000'03b4    0x88  spi.o [4]
  .bss               zero     0x2000'043c    0x88  spi.o [4]
  .bss               zero     0x2000'04c4    0x88  spi.o [4]
  .bss               zero     0x2000'054c    0x78  spi.o [4]
  .bss               zero     0x2000'05c4    0x78  spi.o [4]
  .bss               zero     0x2000'063c    0x78  spi.o [4]
  .bss               zero     0x2000'06b4    0x54  i2c.o [4]
  .bss               zero     0x2000'0708    0x4c  tim.o [4]
  .bss               zero     0x2000'0754    0x4c  tim.o [4]
  .bss               zero     0x2000'07a0    0x4c  tim.o [4]
  .bss               zero     0x2000'07ec    0x28  pud.o [2]
  .bss               zero     0x2000'0814    0x24  pud.o [2]
  .bss               zero     0x2000'0838    0x24  pud.o [2]
  .bss               zero     0x2000'085c    0x20  pud.o [2]
  .bss               zero     0x2000'087c     0x8  main.o [4]
  .bss               zero     0x2000'0884     0x4  main.o [4]
  .bss               zero     0x2000'0888     0x4  main.o [4]
  .bss               zero     0x2000'088c     0x4  pud.o [2]
  .bss               zero     0x2000'0890     0x4  pud.o [2]
  .bss               zero     0x2000'0894     0x4  pud.o [2]
  .bss               zero     0x2000'0898     0x4  pud.o [2]
  .bss               zero     0x2000'089c     0x4  pud.o [2]
  .bss               zero     0x2000'08a0     0x4  stm32h7xx_hal.o [6]
  .bss               zero     0x2000'08a4     0x1  pud.o [2]
  .bss               zero     0x2000'08a5     0x1  pud.o [2]
  .bss               zero     0x2000'08a6     0x1  pud.o [2]
  .bss               zero     0x2000'08a7     0x1  pud.o [2]
                            - 0x2000'08a8   0x878

"P3", part 3 of 3:                         0x4000
  CSTACK                      0x2000'08a8  0x4000  <Block>
    CSTACK           uninit   0x2000'08a8  0x4000  <Block tail>
                            - 0x2000'48a8  0x4000

"P1":                                       0x624
  .dma_buffer        zero     0x2400'0000   0x600  main.o [4]
  .dma_buffer        zero     0x2400'0600    0x24  main.o [4]
                            - 0x2400'0624   0x624

Unused ranges:

         From           To       Size
         ----           --       ----
   0x800'a932   0x81f'ffff  0x1f'56ce
  0x2000'002f  0x2000'002f        0x1
  0x2000'48a8  0x2001'ffff   0x1'b758
  0x2400'0624  0x2403'ffff   0x3'f9dc


*******************************************************************************
*** INIT TABLE
***

          Address      Size
          -------      ----
Zero (__iar_zero_init3)
    2 destination ranges, total size 0xe9c:
          0x2000'0030  0x878
          0x2400'0000  0x624

Copy/packbits (__iar_packbits_init_single3)
    1 source range, total size 0x1a (55% of destination):
           0x800'a918   0x1a
    1 destination range, total size 0x2f:
          0x2000'0000   0x2f



*******************************************************************************
*** MODULE SUMMARY
***

    Module                   ro code  ro data  rw data
    ------                   -------  -------  -------
command line/config:
    --------------------------------------------------
    Total:

D:\WORK\PUD\PUD2023\EWARM\PUD2023\Obj\Application\EWARM: [1]
    startup_stm32h743xx.o      1'196
    --------------------------------------------------
    Total:                     1'196

D:\WORK\PUD\PUD2023\EWARM\PUD2023\Obj\Application\PUD: [2]
    modbus.o                     420
    pud.o                      1'400       18      202
    tle7230.o                    240
    --------------------------------------------------
    Total:                     2'060       18      202

D:\WORK\PUD\PUD2023\EWARM\PUD2023\Obj\Application\PUD\TASKS: [3]
    MainTask.o                     4
    --------------------------------------------------
    Total:                         4

D:\WORK\PUD\PUD2023\EWARM\PUD2023\Obj\Application\User\Core: [4]
    dma.o                         92
    fdcan.o                      356               160
    gpio.o                       460
    i2c.o                        212                84
    main.o                     1'024        4    1'588
    spi.o                      1'164               768
    stm32h7xx_hal_msp.o           32
    stm32h7xx_it.o               156
    tim.o                        596               228
    usart.o                    1'340               740
    --------------------------------------------------
    Total:                     5'432        4    3'568

D:\WORK\PUD\PUD2023\EWARM\PUD2023\Obj\Drivers\CMSIS: [5]
    system_stm32h7xx.o           276       21        8
    --------------------------------------------------
    Total:                       276       21        8

D:\WORK\PUD\PUD2023\EWARM\PUD2023\Obj\Drivers\STM32H7xx_HAL_Driver: [6]
    stm32h7xx_hal.o              280        3        9
    stm32h7xx_hal_cortex.o       344
    stm32h7xx_hal_dma.o        8'840        8
    stm32h7xx_hal_dma_ex.o       456
    stm32h7xx_hal_fdcan.o      3'384       92
    stm32h7xx_hal_gpio.o         660
    stm32h7xx_hal_i2c.o          222
    stm32h7xx_hal_i2c_ex.o       198
    stm32h7xx_hal_pwr_ex.o        88
    stm32h7xx_hal_rcc.o        3'176
    stm32h7xx_hal_rcc_ex.o     4'800
    stm32h7xx_hal_spi.o        4'168
    stm32h7xx_hal_tim.o        2'468
    stm32h7xx_hal_tim_ex.o       358
    stm32h7xx_hal_uart.o       2'276       24
    stm32h7xx_hal_uart_ex.o      524       16
    --------------------------------------------------
    Total:                    32'242      143        9

dl7M_tln.a: [7]
    exit.o                         4
    low_level_init.o               4
    --------------------------------------------------
    Total:                         8

m7M_tlv.a: [8]
    cos_sin64.o                  756
    fpinit_M.o                    34
    --------------------------------------------------
    Total:                       790

rt7M_tl.a: [9]
    ABImemcpy.o                  134
    ABImemset.o                  102
    I64DivMod.o                  560
    I64DivZer.o                    2
    cexit.o                       10
    cmain.o                       30
    cstartup_M.o                  28
    data_init.o                   40
    memset.o                      20
    packbits_init_single.o        58
    zero_init3.o                  56
    --------------------------------------------------
    Total:                     1'040

shb_l.a: [10]
    exit.o                        20
    --------------------------------------------------
    Total:                        20

    Gaps                          18        2
    Linker created                         40   16'384
------------------------------------------------------
    Grand Total:              43'086      228   20'171


*******************************************************************************
*** ENTRY LIST
***

Entry                       Address   Size  Type      Object
-----                       -------   ----  ----      ------
.iar.init_table$$Base    0x800'a624          --   Gb  - Linker created -
.iar.init_table$$Limit   0x800'a64c          --   Gb  - Linker created -
?main                    0x800'a64d         Code  Gb  cmain.o [9]
ADC3_IRQHandler          0x800'a8c9         Code  Wk  startup_stm32h743xx.o [1]
ADC_IRQHandler           0x800'a751         Code  Wk  startup_stm32h743xx.o [1]
BDMA_Channel0_IRQHandler
                         0x800'a8d1         Code  Wk  startup_stm32h743xx.o [1]
BDMA_Channel1_IRQHandler
                         0x800'a8d5         Code  Wk  startup_stm32h743xx.o [1]
BDMA_Channel2_IRQHandler
                         0x800'a8d9         Code  Wk  startup_stm32h743xx.o [1]
BDMA_Channel3_IRQHandler
                         0x800'a8dd         Code  Wk  startup_stm32h743xx.o [1]
BDMA_Channel4_IRQHandler
                         0x800'a8e1         Code  Wk  startup_stm32h743xx.o [1]
BDMA_Channel5_IRQHandler
                         0x800'a8e5         Code  Wk  startup_stm32h743xx.o [1]
BDMA_Channel6_IRQHandler
                         0x800'a8e9         Code  Wk  startup_stm32h743xx.o [1]
BDMA_Channel7_IRQHandler
                         0x800'a8ed         Code  Wk  startup_stm32h743xx.o [1]
BTS716G                  0x800'6c11   0xca  Code  Gb  pud.o [2]
BusFault_Handler         0x800'a4a7    0x2  Code  Gb  stm32h7xx_it.o [4]
CAN_RxHeader            0x2000'07ec   0x28  Data  Gb  pud.o [2]
CAN_SelfTest             0x800'6cdb   0xb8  Code  Gb  pud.o [2]
CAN_SelfTest::adr       0x2000'002c    0x1  Data  Lc  pud.o [2]
CAN_SelfTest::func      0x2000'002d    0x1  Data  Lc  pud.o [2]
CAN_SelfTest::tx_data   0x2000'0000   0x20  Data  Lc  pud.o [2]
CAN_Transmit_Data        0x800'6d93   0xda  Code  Gb  pud.o [2]
CAN_Transmit_Data::CAN_TxHeader
                        0x2000'0838   0x24  Data  Lc  pud.o [2]
CAN_TxHeader            0x2000'0814   0x24  Data  Gb  pud.o [2]
CEC_IRQHandler           0x800'a855         Code  Wk  startup_stm32h743xx.o [1]
COMP1_IRQHandler         0x800'a8f1         Code  Wk  startup_stm32h743xx.o [1]
CRS_IRQHandler           0x800'a909         Code  Wk  startup_stm32h743xx.o [1]
CSTACK$$Base            0x2000'08a8          --   Gb  - Linker created -
CSTACK$$Limit           0x2000'48a8          --   Gb  - Linker created -
D1CorePrescTable         0x800'a6d8   0x10  Data  Gb  system_stm32h7xx.o [5]
DCMI_IRQHandler          0x800'a81d         Code  Wk  startup_stm32h743xx.o [1]
DFSDM1_FLT0_IRQHandler   0x800'a891         Code  Wk  startup_stm32h743xx.o [1]
DFSDM1_FLT1_IRQHandler   0x800'a895         Code  Wk  startup_stm32h743xx.o [1]
DFSDM1_FLT2_IRQHandler   0x800'a899         Code  Wk  startup_stm32h743xx.o [1]
DFSDM1_FLT3_IRQHandler   0x800'a89d         Code  Wk  startup_stm32h743xx.o [1]
DLCtoBytes               0x800'a6c8   0x10  Data  Lc  stm32h7xx_hal_fdcan.o [6]
DMA1_Stream0_IRQHandler
                         0x800'a4b9    0xa  Code  Gb  stm32h7xx_it.o [4]
DMA1_Stream1_IRQHandler
                         0x800'a4c3    0xa  Code  Gb  stm32h7xx_it.o [4]
DMA1_Stream2_IRQHandler
                         0x800'a4cd    0xa  Code  Gb  stm32h7xx_it.o [4]
DMA1_Stream3_IRQHandler
                         0x800'a741         Code  Wk  startup_stm32h743xx.o [1]
DMA1_Stream4_IRQHandler
                         0x800'a745         Code  Wk  startup_stm32h743xx.o [1]
DMA1_Stream5_IRQHandler
                         0x800'a749         Code  Wk  startup_stm32h743xx.o [1]
DMA1_Stream6_IRQHandler
                         0x800'a74d         Code  Wk  startup_stm32h743xx.o [1]
DMA1_Stream7_IRQHandler
                         0x800'a7b9         Code  Wk  startup_stm32h743xx.o [1]
DMA2D_IRQHandler         0x800'a845         Code  Wk  startup_stm32h743xx.o [1]
DMA2_Stream0_IRQHandler
                         0x800'a7d5         Code  Wk  startup_stm32h743xx.o [1]
DMA2_Stream1_IRQHandler
                         0x800'a7d9         Code  Wk  startup_stm32h743xx.o [1]
DMA2_Stream2_IRQHandler
                         0x800'a7dd         Code  Wk  startup_stm32h743xx.o [1]
DMA2_Stream3_IRQHandler
                         0x800'a7e1         Code  Wk  startup_stm32h743xx.o [1]
DMA2_Stream4_IRQHandler
                         0x800'a7e5         Code  Wk  startup_stm32h743xx.o [1]
DMA2_Stream5_IRQHandler
                         0x800'a7f5         Code  Wk  startup_stm32h743xx.o [1]
DMA2_Stream6_IRQHandler
                         0x800'a7f9         Code  Wk  startup_stm32h743xx.o [1]
DMA2_Stream7_IRQHandler
                         0x800'a7fd         Code  Wk  startup_stm32h743xx.o [1]
DMAMUX1_OVR_IRQHandler   0x800'a509    0xa  Code  Gb  stm32h7xx_it.o [4]
DMAMUX2_OVR_IRQHandler   0x800'a8cd         Code  Wk  startup_stm32h743xx.o [1]
DMA_CalcBaseAndBitshift
                         0x800'21dd   0xd2  Code  Lc  stm32h7xx_hal_dma.o [6]
DMA_CalcBaseAndBitshift{1}{2}::flagBitshiftOffset
                         0x800'a6f8    0x8  Data  Lc  stm32h7xx_hal_dma.o [6]
DMA_CalcDMAMUXChannelBaseAndMask
                         0x800'236b   0xac  Code  Lc  stm32h7xx_hal_dma.o [6]
DMA_CalcDMAMUXRequestGenBaseAndMask
                         0x800'2417   0x80  Code  Lc  stm32h7xx_hal_dma.o [6]
DMA_CheckFifoParam       0x800'22d1   0x9a  Code  Lc  stm32h7xx_hal_dma.o [6]
DMA_SetConfig            0x800'1f65  0x278  Code  Lc  stm32h7xx_hal_dma.o [6]
DebugMon_Handler         0x800'a4ad    0x2  Code  Gb  stm32h7xx_it.o [4]
ECC_IRQHandler           0x800'a90d         Code  Wk  startup_stm32h743xx.o [1]
ETH_IRQHandler           0x800'a7e9         Code  Wk  startup_stm32h743xx.o [1]
ETH_WKUP_IRQHandler      0x800'a7ed         Code  Wk  startup_stm32h743xx.o [1]
EXTI0_IRQHandler         0x800'a72d         Code  Wk  startup_stm32h743xx.o [1]
EXTI15_10_IRQHandler     0x800'a7a1         Code  Wk  startup_stm32h743xx.o [1]
EXTI1_IRQHandler         0x800'a731         Code  Wk  startup_stm32h743xx.o [1]
EXTI2_IRQHandler         0x800'a735         Code  Wk  startup_stm32h743xx.o [1]
EXTI3_IRQHandler         0x800'a739         Code  Wk  startup_stm32h743xx.o [1]
EXTI4_IRQHandler         0x800'a73d         Code  Wk  startup_stm32h743xx.o [1]
EXTI9_5_IRQHandler       0x800'a75d         Code  Wk  startup_stm32h743xx.o [1]
Error_Handler            0x800'580d    0x4  Code  Gb  main.o [4]
FDCAN1_IT0_IRQHandler    0x800'a4d7    0xa  Code  Gb  stm32h7xx_it.o [4]
FDCAN1_IT1_IRQHandler    0x800'a4e1    0xa  Code  Gb  stm32h7xx_it.o [4]
FDCAN2_IT0_IRQHandler    0x800'a755         Code  Wk  startup_stm32h743xx.o [1]
FDCAN2_IT1_IRQHandler    0x800'a759         Code  Wk  startup_stm32h743xx.o [1]
FDCAN_CAL_IRQHandler     0x800'a7f1         Code  Wk  startup_stm32h743xx.o [1]
FDCAN_CalcultateRamBlockAddresses
                         0x800'79b7  0x1fc  Code  Lc  stm32h7xx_hal_fdcan.o [6]
FDCAN_CopyMessageToRAM   0x800'7bb3   0x98  Code  Lc  stm32h7xx_hal_fdcan.o [6]
FLASH_IRQHandler         0x800'a725         Code  Wk  startup_stm32h743xx.o [1]
FMC_IRQHandler           0x800'a7bd         Code  Wk  startup_stm32h743xx.o [1]
FPU_IRQHandler           0x800'a825         Code  Wk  startup_stm32h743xx.o [1]
HAL_DMAEx_ConfigMuxSync
                         0x800'5abd  0x11a  Code  Gb  stm32h7xx_hal_dma_ex.o [6]
HAL_DMAEx_MUX_IRQHandler
                         0x800'5bed   0x6c  Code  Gb  stm32h7xx_hal_dma_ex.o [6]
HAL_DMA_Abort            0x800'0c01  0x476  Code  Gb  stm32h7xx_hal_dma.o [6]
HAL_DMA_Abort_IT         0x800'10cd  0x38e  Code  Gb  stm32h7xx_hal_dma.o [6]
HAL_DMA_GetError         0x800'1f61    0x4  Code  Gb  stm32h7xx_hal_dma.o [6]
HAL_DMA_IRQHandler       0x800'14c1  0xa5c  Code  Gb  stm32h7xx_hal_dma.o [6]
HAL_DMA_Init             0x800'0299  0x51e  Code  Gb  stm32h7xx_hal_dma.o [6]
HAL_DMA_Start_IT         0x800'0821  0x3da  Code  Gb  stm32h7xx_hal_dma.o [6]
HAL_Delay                0x800'7c6d   0x28  Code  Wk  stm32h7xx_hal.o [6]
HAL_FDCAN_ActivateNotification
                         0x800'7531   0xa2  Code  Gb  stm32h7xx_hal_fdcan.o [6]
HAL_FDCAN_AddMessageToTxFifoQ
                         0x800'7263   0x88  Code  Gb  stm32h7xx_hal_fdcan.o [6]
HAL_FDCAN_ClockCalibrationCallback
                         0x800'a12b    0x2  Code  Wk  stm32h7xx_hal_fdcan.o [6]
HAL_FDCAN_ConfigInterruptLines
                         0x800'74e9   0x48  Code  Gb  stm32h7xx_hal_fdcan.o [6]
HAL_FDCAN_ErrorCallback
                         0x800'a145    0x2  Code  Wk  stm32h7xx_hal_fdcan.o [6]
HAL_FDCAN_ErrorStatusCallback
                         0x800'a13b    0x2  Code  Wk  stm32h7xx_hal_fdcan.o [6]
HAL_FDCAN_GetRxMessage   0x800'72eb  0x1f6  Code  Gb  stm32h7xx_hal_fdcan.o [6]
HAL_FDCAN_HighPriorityMessageCallback
                         0x800'a127    0x2  Code  Wk  stm32h7xx_hal_fdcan.o [6]
HAL_FDCAN_IRQHandler     0x800'75d3  0x3e4  Code  Gb  stm32h7xx_hal_fdcan.o [6]
HAL_FDCAN_Init           0x800'6f55  0x2d4  Code  Gb  stm32h7xx_hal_fdcan.o [6]
HAL_FDCAN_MspInit        0x800'6809   0xca  Code  Gb  fdcan.o [4]
HAL_FDCAN_RxBufferNewMessageCallback
                         0x800'a135    0x2  Code  Wk  stm32h7xx_hal_fdcan.o [6]
HAL_FDCAN_RxFifo0Callback
                         0x800'6e71   0x1c  Code  Gb  pud.o [2]
HAL_FDCAN_RxFifo1Callback
                         0x800'a12f    0x2  Code  Wk  stm32h7xx_hal_fdcan.o [6]
HAL_FDCAN_Start          0x800'722d   0x36  Code  Gb  stm32h7xx_hal_fdcan.o [6]
HAL_FDCAN_TT_GlobalTimeCallback
                         0x800'a143    0x2  Code  Wk  stm32h7xx_hal_fdcan.o [6]
HAL_FDCAN_TT_ScheduleSyncCallback
                         0x800'a13d    0x2  Code  Wk  stm32h7xx_hal_fdcan.o [6]
HAL_FDCAN_TT_StopWatchCallback
                         0x800'a141    0x2  Code  Wk  stm32h7xx_hal_fdcan.o [6]
HAL_FDCAN_TT_TimeMarkCallback
                         0x800'a13f    0x2  Code  Wk  stm32h7xx_hal_fdcan.o [6]
HAL_FDCAN_TimeoutOccurredCallback
                         0x800'a139    0x2  Code  Wk  stm32h7xx_hal_fdcan.o [6]
HAL_FDCAN_TimestampWraparoundCallback
                         0x800'a137    0x2  Code  Wk  stm32h7xx_hal_fdcan.o [6]
HAL_FDCAN_TxBufferAbortCallback
                         0x800'a129    0x2  Code  Wk  stm32h7xx_hal_fdcan.o [6]
HAL_FDCAN_TxBufferCompleteCallback
                         0x800'a133    0x2  Code  Wk  stm32h7xx_hal_fdcan.o [6]
HAL_FDCAN_TxEventFifoCallback
                         0x800'a12d    0x2  Code  Wk  stm32h7xx_hal_fdcan.o [6]
HAL_FDCAN_TxFifoEmptyCallback
                         0x800'a131    0x2  Code  Wk  stm32h7xx_hal_fdcan.o [6]
HAL_GPIO_Init            0x800'5829  0x212  Code  Gb  stm32h7xx_hal_gpio.o [6]
HAL_GPIO_ReadPin         0x800'5a3b   0x16  Code  Gb  stm32h7xx_hal_gpio.o [6]
HAL_GPIO_TogglePin       0x800'5a6b   0x1a  Code  Gb  stm32h7xx_hal_gpio.o [6]
HAL_GPIO_WritePin        0x800'5a51   0x1a  Code  Gb  stm32h7xx_hal_gpio.o [6]
HAL_GetREVID             0x800'5cdb    0xa  Code  Gb  stm32h7xx_hal.o [6]
HAL_GetTick              0x800'2521    0xc  Code  Wk  stm32h7xx_hal.o [6]
HAL_I2CEx_ConfigAnalogFilter
                         0x800'9339   0x64  Code  Gb  stm32h7xx_hal_i2c_ex.o [6]
HAL_I2CEx_ConfigDigitalFilter
                         0x800'939d   0x62  Code  Gb  stm32h7xx_hal_i2c_ex.o [6]
HAL_I2C_Init             0x800'9259   0xde  Code  Gb  stm32h7xx_hal_i2c.o [6]
HAL_I2C_MspInit          0x800'64b5   0x62  Code  Gb  i2c.o [4]
HAL_IncTick              0x800'a53d   0x18  Code  Wk  stm32h7xx_hal.o [6]
HAL_Init                 0x800'5c85   0x56  Code  Gb  stm32h7xx_hal.o [6]
HAL_InitTick             0x800'3d55   0x58  Code  Wk  stm32h7xx_hal.o [6]
HAL_MspInit              0x800'8749   0x20  Code  Gb  stm32h7xx_hal_msp.o [4]
HAL_NVIC_EnableIRQ       0x800'3ec9    0xe  Code  Gb  stm32h7xx_hal_cortex.o [6]
HAL_NVIC_SetPriority     0x800'3ea5   0x24  Code  Gb  stm32h7xx_hal_cortex.o [6]
HAL_NVIC_SetPriorityGrouping
                         0x800'3e99    0xc  Code  Gb  stm32h7xx_hal_cortex.o [6]
HAL_PWREx_ConfigSupply   0x800'7c95   0x50  Code  Gb  stm32h7xx_hal_pwr_ex.o [6]
HAL_RCCEx_GetD3PCLK1Freq
                         0x800'3111   0x1e  Code  Gb  stm32h7xx_hal_rcc_ex.o [6]
HAL_RCCEx_GetPLL2ClockFreq
                         0x800'3131  0x218  Code  Gb  stm32h7xx_hal_rcc_ex.o [6]
HAL_RCCEx_GetPLL3ClockFreq
                         0x800'3361  0x218  Code  Gb  stm32h7xx_hal_rcc_ex.o [6]
HAL_RCCEx_PeriphCLKConfig
                         0x800'252d  0xbc4  Code  Gb  stm32h7xx_hal_rcc_ex.o [6]
HAL_RCC_ClockConfig      0x800'37ed  0x290  Code  Gb  stm32h7xx_hal_rcc.o [6]
HAL_RCC_GetHCLKFreq      0x800'3c95   0x36  Code  Gb  stm32h7xx_hal_rcc.o [6]
HAL_RCC_GetPCLK1Freq     0x800'3ccb   0x1a  Code  Gb  stm32h7xx_hal_rcc.o [6]
HAL_RCC_GetPCLK2Freq     0x800'3ce5   0x1a  Code  Gb  stm32h7xx_hal_rcc.o [6]
HAL_RCC_GetSysClockFreq
                         0x800'3a7d  0x218  Code  Gb  stm32h7xx_hal_rcc.o [6]
HAL_RCC_OscConfig        0x800'7ced  0x700  Code  Wk  stm32h7xx_hal_rcc.o [6]
HAL_RS485Ex_Init         0x800'904d   0x9c  Code  Gb  stm32h7xx_hal_uart_ex.o [6]
HAL_SPI_ErrorCallback    0x800'540f    0x2  Code  Wk  stm32h7xx_hal_spi.o [6]
HAL_SPI_IRQHandler       0x800'4ad9  0x26c  Code  Gb  stm32h7xx_hal_spi.o [6]
HAL_SPI_Init             0x800'3f05  0x19e  Code  Gb  stm32h7xx_hal_spi.o [6]
HAL_SPI_MspInit          0x800'50e3  0x2da  Code  Gb  spi.o [4]
HAL_SPI_Receive          0x800'435f  0x34e  Code  Gb  stm32h7xx_hal_spi.o [6]
HAL_SPI_RxCpltCallback   0x800'56b3    0x2  Code  Gb  main.o [4]
HAL_SPI_SuspendCallback
                         0x800'540d    0x2  Code  Wk  stm32h7xx_hal_spi.o [6]
HAL_SPI_Transmit         0x800'40ad  0x2b2  Code  Gb  stm32h7xx_hal_spi.o [6]
HAL_SPI_TransmitReceive_DMA
                         0x800'487f  0x25a  Code  Gb  stm32h7xx_hal_spi.o [6]
HAL_SPI_Transmit_DMA     0x800'46b1  0x1ce  Code  Gb  stm32h7xx_hal_spi.o [6]
HAL_SPI_TxCpltCallback   0x800'569b   0x18  Code  Gb  main.o [4]
HAL_SPI_TxHalfCpltCallback
                         0x800'5683   0x18  Code  Gb  main.o [4]
HAL_SPI_TxRxCpltCallback
                         0x800'56b5   0x18  Code  Gb  main.o [4]
HAL_SPI_TxRxHalfCpltCallback
                         0x800'5811    0x2  Code  Wk  stm32h7xx_hal_spi.o [6]
HAL_SYSTICK_Config       0x800'3ed7    0xc  Code  Gb  stm32h7xx_hal_cortex.o [6]
HAL_TIMEx_Break2Callback
                         0x800'a383    0x2  Code  Wk  stm32h7xx_hal_tim_ex.o [6]
HAL_TIMEx_BreakCallback
                         0x800'a381    0x2  Code  Wk  stm32h7xx_hal_tim_ex.o [6]
HAL_TIMEx_CommutCallback
                         0x800'a387    0x2  Code  Wk  stm32h7xx_hal_tim_ex.o [6]
HAL_TIMEx_ConfigBreakDeadTime
                         0x800'9e5d   0x94  Code  Gb  stm32h7xx_hal_tim_ex.o [6]
HAL_TIMEx_MasterConfigSynchronization
                         0x800'9d9d   0xa4  Code  Gb  stm32h7xx_hal_tim_ex.o [6]
HAL_TIM_Base_Init        0x800'9401   0x7a  Code  Gb  stm32h7xx_hal_tim.o [6]
HAL_TIM_Base_MspInit     0x800'66e5   0x7e  Code  Gb  tim.o [4]
HAL_TIM_Base_Start       0x800'947b   0x96  Code  Gb  stm32h7xx_hal_tim.o [6]
HAL_TIM_Base_Start_IT    0x800'9511   0xa2  Code  Gb  stm32h7xx_hal_tim.o [6]
HAL_TIM_ConfigClockSource
                         0x800'9827  0x11a  Code  Gb  stm32h7xx_hal_tim.o [6]
HAL_TIM_IC_CaptureCallback
                         0x800'a37b    0x2  Code  Wk  stm32h7xx_hal_tim.o [6]
HAL_TIM_IRQHandler       0x800'964d  0x156  Code  Gb  stm32h7xx_hal_tim.o [6]
HAL_TIM_OC_ConfigChannel
                         0x800'97a3   0x84  Code  Gb  stm32h7xx_hal_tim.o [6]
HAL_TIM_OC_DelayElapsedCallback
                         0x800'a37d    0x2  Code  Wk  stm32h7xx_hal_tim.o [6]
HAL_TIM_OC_Init          0x800'95b3   0x7a  Code  Gb  stm32h7xx_hal_tim.o [6]
HAL_TIM_OC_MspInit       0x800'a379    0x2  Code  Wk  stm32h7xx_hal_tim.o [6]
HAL_TIM_PWM_PulseFinishedCallback
                         0x800'a37f    0x2  Code  Wk  stm32h7xx_hal_tim.o [6]
HAL_TIM_PeriodElapsedCallback
                         0x800'56cd   0x7e  Code  Gb  main.o [4]
HAL_TIM_PeriodElapsedCallback::adc_tx_data
                         0x800'a710    0x4  Data  Lc  main.o [4]
HAL_TIM_PeriodElapsedCallback::i
                        0x2000'0884    0x4  Data  Lc  main.o [4]
HAL_TIM_PeriodElapsedCallback::j
                        0x2000'0888    0x4  Data  Lc  main.o [4]
HAL_TIM_TriggerCallback
                         0x800'a385    0x2  Code  Wk  stm32h7xx_hal_tim.o [6]
HAL_UARTEx_DisableFifoMode
                         0x800'90e9   0x46  Code  Gb  stm32h7xx_hal_uart_ex.o [6]
HAL_UARTEx_SetRxFifoThreshold
                         0x800'9185   0x56  Code  Gb  stm32h7xx_hal_uart_ex.o [6]
HAL_UARTEx_SetTxFifoThreshold
                         0x800'912f   0x56  Code  Gb  stm32h7xx_hal_uart_ex.o [6]
HAL_UART_Init            0x800'8769   0x7e  Code  Gb  stm32h7xx_hal_uart.o [6]
HAL_UART_MspInit         0x800'616b  0x2b2  Code  Gb  usart.o [4]
HRTIM1_FLT_IRQHandler    0x800'a88d         Code  Wk  startup_stm32h743xx.o [1]
HRTIM1_Master_IRQHandler
                         0x800'a875         Code  Wk  startup_stm32h743xx.o [1]
HRTIM1_TIMA_IRQHandler   0x800'a879         Code  Wk  startup_stm32h743xx.o [1]
HRTIM1_TIMB_IRQHandler   0x800'a87d         Code  Wk  startup_stm32h743xx.o [1]
HRTIM1_TIMC_IRQHandler   0x800'a881         Code  Wk  startup_stm32h743xx.o [1]
HRTIM1_TIMD_IRQHandler   0x800'a885         Code  Wk  startup_stm32h743xx.o [1]
HRTIM1_TIME_IRQHandler   0x800'a889         Code  Wk  startup_stm32h743xx.o [1]
HSEM1_IRQHandler         0x800'a8c5         Code  Wk  startup_stm32h743xx.o [1]
HardFault_Handler        0x800'a4a3    0x2  Code  Gb  stm32h7xx_it.o [4]
I2C1_ER_IRQHandler       0x800'a781         Code  Wk  startup_stm32h743xx.o [1]
I2C1_EV_IRQHandler       0x800'a77d         Code  Wk  startup_stm32h743xx.o [1]
I2C2_ER_IRQHandler       0x800'a789         Code  Wk  startup_stm32h743xx.o [1]
I2C2_EV_IRQHandler       0x800'a785         Code  Wk  startup_stm32h743xx.o [1]
I2C3_ER_IRQHandler       0x800'a809         Code  Wk  startup_stm32h743xx.o [1]
I2C3_EV_IRQHandler       0x800'a805         Code  Wk  startup_stm32h743xx.o [1]
I2C4_ER_IRQHandler       0x800'a85d         Code  Wk  startup_stm32h743xx.o [1]
I2C4_EV_IRQHandler       0x800'a859         Code  Wk  startup_stm32h743xx.o [1]
JPEG_IRQHandler          0x800'a8b9         Code  Wk  startup_stm32h743xx.o [1]
LPTIM1_IRQHandler        0x800'a851         Code  Wk  startup_stm32h743xx.o [1]
LPTIM2_IRQHandler        0x800'a8f5         Code  Wk  startup_stm32h743xx.o [1]
LPTIM3_IRQHandler        0x800'a8f9         Code  Wk  startup_stm32h743xx.o [1]
LPTIM4_IRQHandler        0x800'a8fd         Code  Wk  startup_stm32h743xx.o [1]
LPTIM5_IRQHandler        0x800'a901         Code  Wk  startup_stm32h743xx.o [1]
LPUART1_IRQHandler       0x800'a905         Code  Wk  startup_stm32h743xx.o [1]
LTDC_ER_IRQHandler       0x800'a841         Code  Wk  startup_stm32h743xx.o [1]
LTDC_IRQHandler          0x800'a83d         Code  Wk  startup_stm32h743xx.o [1]
MBpack                   0x800'9f49  0x158  Code  Gb  modbus.o [2]
MBpackID                 0x800'9f13   0x36  Code  Gb  modbus.o [2]
MDIOS_IRQHandler         0x800'a8b5         Code  Wk  startup_stm32h743xx.o [1]
MDIOS_WKUP_IRQHandler    0x800'a8b1         Code  Wk  startup_stm32h743xx.o [1]
MDMA_IRQHandler          0x800'a8bd         Code  Wk  startup_stm32h743xx.o [1]
MX_DMA_Init              0x800'5ec5   0x5c  Code  Gb  dma.o [4]
MX_FDCAN1_Init           0x800'6785   0x84  Code  Gb  fdcan.o [4]
MX_GPIO_Init             0x800'5cf9  0x1cc  Code  Gb  gpio.o [4]
MX_I2C1_Init             0x800'645d   0x58  Code  Gb  i2c.o [4]
MX_SPI1_Init             0x800'4f81   0x78  Code  Gb  spi.o [4]
MX_SPI3_Init             0x800'4ff9   0x74  Code  Gb  spi.o [4]
MX_SPI4_Init             0x800'506d   0x76  Code  Gb  spi.o [4]
MX_TIM12_Init            0x800'657d   0xae  Code  Gb  tim.o [4]
MX_TIM16_Init            0x800'662b   0xba  Code  Gb  tim.o [4]
MX_TIM7_Init             0x800'6531   0x4c  Code  Gb  tim.o [4]
MX_UART4_Init            0x800'5f21   0x74  Code  Gb  usart.o [4]
MX_UART5_Init            0x800'5f95   0x7a  Code  Gb  usart.o [4]
MX_UART7_Init            0x800'600f   0x74  Code  Gb  usart.o [4]
MX_UART8_Init            0x800'6083   0x74  Code  Gb  usart.o [4]
MX_USART2_UART_Init      0x800'60f7   0x74  Code  Gb  usart.o [4]
MemManage_Handler        0x800'a4a5    0x2  Code  Gb  stm32h7xx_it.o [4]
MilkSensor_Process       0x800'6a25  0x1ec  Code  Gb  pud.o [2]
MilkSensor_Process::elec1
                        0x2000'0894    0x4  Data  Lc  pud.o [2]
MilkSensor_Process::elec2
                        0x2000'0898    0x4  Data  Lc  pud.o [2]
MilkSensor_Process::milk_portion
                        0x2000'0890    0x4  Data  Lc  pud.o [2]
MilkSensor_Process::state
                        0x2000'08a5    0x1  Data  Lc  pud.o [2]
MilkSensor_Process::timer
                        0x2000'088c    0x4  Data  Lc  pud.o [2]
NMI_Handler              0x800'a4a1    0x2  Code  Gb  stm32h7xx_it.o [4]
NVIC_EncodePriority      0x800'3e29   0x40  Code  Lc  stm32h7xx_hal_cortex.o [6]
OTG_FS_EP1_IN_IRQHandler
                         0x800'a869         Code  Wk  startup_stm32h743xx.o [1]
OTG_FS_EP1_OUT_IRQHandler
                         0x800'a865         Code  Wk  startup_stm32h743xx.o [1]
OTG_FS_IRQHandler        0x800'a871         Code  Wk  startup_stm32h743xx.o [1]
OTG_FS_WKUP_IRQHandler   0x800'a86d         Code  Wk  startup_stm32h743xx.o [1]
OTG_HS_EP1_IN_IRQHandler
                         0x800'a811         Code  Wk  startup_stm32h743xx.o [1]
OTG_HS_EP1_OUT_IRQHandler
                         0x800'a80d         Code  Wk  startup_stm32h743xx.o [1]
OTG_HS_IRQHandler        0x800'a819         Code  Wk  startup_stm32h743xx.o [1]
OTG_HS_WKUP_IRQHandler   0x800'a815         Code  Wk  startup_stm32h743xx.o [1]
PUD                     0x2000'087c    0x8  Data  Gb  main.o [4]
PUD_Init                 0x800'68e9    0x4  Code  Gb  MainTask.o [3]
PVD_AVD_IRQHandler       0x800'a719         Code  Wk  startup_stm32h743xx.o [1]
PendSV_Handler           0x800'a4af    0x2  Code  Gb  stm32h7xx_it.o [4]
PeriphCommonClock_Config
                         0x800'5629   0x5a  Code  Gb  main.o [4]
QUADSPI_IRQHandler       0x800'a84d         Code  Wk  startup_stm32h743xx.o [1]
RCCEx_PLL2_Config        0x800'3591  0x11c  Code  Lc  stm32h7xx_hal_rcc_ex.o [6]
RCCEx_PLL3_Config        0x800'36ad  0x11c  Code  Lc  stm32h7xx_hal_rcc_ex.o [6]
RCC_IRQHandler           0x800'a729         Code  Wk  startup_stm32h743xx.o [1]
RNG_IRQHandler           0x800'a821         Code  Wk  startup_stm32h743xx.o [1]
RTC_Alarm_IRQHandler     0x800'a7a5         Code  Wk  startup_stm32h743xx.o [1]
RTC_WKUP_IRQHandler      0x800'a721         Code  Wk  startup_stm32h743xx.o [1]
Region$$Table$$Base      0x800'a624          --   Gb  - Linker created -
Region$$Table$$Limit     0x800'a64c          --   Gb  - Linker created -
Reset_Handler            0x800'a6e9         Code  Wk  startup_stm32h743xx.o [1]
SAI1_IRQHandler          0x800'a839         Code  Wk  startup_stm32h743xx.o [1]
SAI2_IRQHandler          0x800'a849         Code  Wk  startup_stm32h743xx.o [1]
SAI3_IRQHandler          0x800'a8a1         Code  Wk  startup_stm32h743xx.o [1]
SAI4_IRQHandler          0x800'a911         Code  Wk  startup_stm32h743xx.o [1]
SDMMC1_IRQHandler        0x800'a7c1         Code  Wk  startup_stm32h743xx.o [1]
SDMMC2_IRQHandler        0x800'a8c1         Code  Wk  startup_stm32h743xx.o [1]
SPDIF_RX_IRQHandler      0x800'a861         Code  Wk  startup_stm32h743xx.o [1]
SPI1_IRQHandler          0x800'a78d         Code  Wk  startup_stm32h743xx.o [1]
SPI2_IRQHandler          0x800'a791         Code  Wk  startup_stm32h743xx.o [1]
SPI3_IRQHandler          0x800'a4eb    0xa  Code  Gb  stm32h7xx_it.o [4]
SPI4_IRQHandler          0x800'a4ff    0xa  Code  Gb  stm32h7xx_it.o [4]
SPI5_IRQHandler          0x800'a831         Code  Wk  startup_stm32h743xx.o [1]
SPI6_IRQHandler          0x800'a835         Code  Wk  startup_stm32h743xx.o [1]
SPI_CloseTransfer        0x800'4e15   0xce  Code  Lc  stm32h7xx_hal_spi.o [6]
SPI_DMAAbortOnError      0x800'4df5   0x20  Code  Lc  stm32h7xx_hal_spi.o [6]
SPI_DMAError             0x800'4dc5   0x30  Code  Lc  stm32h7xx_hal_spi.o [6]
SPI_DMAHalfTransmitCplt
                         0x800'4da5    0xe  Code  Lc  stm32h7xx_hal_spi.o [6]
SPI_DMAHalfTransmitReceiveCplt
                         0x800'4db5    0xe  Code  Lc  stm32h7xx_hal_spi.o [6]
SPI_DMATransmitCplt      0x800'4d45   0x2e  Code  Lc  stm32h7xx_hal_spi.o [6]
SPI_DMATransmitReceiveCplt
                         0x800'4d75   0x2e  Code  Lc  stm32h7xx_hal_spi.o [6]
SPI_GetPacketSize        0x800'4f31   0x16  Code  Lc  stm32h7xx_hal_spi.o [6]
SPI_WaitOnFlagUntilTimeout
                         0x800'4eed   0x44  Code  Lc  stm32h7xx_hal_spi.o [6]
SVC_Handler              0x800'a4ab    0x2  Code  Gb  stm32h7xx_it.o [4]
SWPMI1_IRQHandler        0x800'a8a5         Code  Wk  startup_stm32h743xx.o [1]
Start_Milking_Button     0x800'6e8d   0x5c  Code  Gb  pud.o [2]
Start_Milking_Button::new_state
                        0x2000'08a7    0x1  Data  Lc  pud.o [2]
Start_Milking_Button::state
                        0x2000'08a6    0x1  Data  Lc  pud.o [2]
Start_Milking_Button::timer
                        0x2000'089c    0x4  Data  Lc  pud.o [2]
SysTick_Config           0x800'3e69   0x30  Code  Lc  stm32h7xx_hal_cortex.o [6]
SysTick_Handler          0x800'a4b1    0x8  Code  Gb  stm32h7xx_it.o [4]
SystemClock_Config       0x800'5525  0x104  Code  Gb  main.o [4]
SystemCoreClock         0x2000'0024    0x4  Data  Gb  system_stm32h7xx.o [5]
SystemD2Clock           0x2000'0028    0x4  Data  Gb  system_stm32h7xx.o [5]
SystemInit               0x800'a38d   0xb6  Code  Gb  system_stm32h7xx.o [5]
TAMP_STAMP_IRQHandler    0x800'a71d         Code  Wk  startup_stm32h743xx.o [1]
TIM15_IRQHandler         0x800'a8a9         Code  Wk  startup_stm32h743xx.o [1]
TIM16_IRQHandler         0x800'a513    0xa  Code  Gb  stm32h7xx_it.o [4]
TIM17_IRQHandler         0x800'a8ad         Code  Wk  startup_stm32h743xx.o [1]
TIM1_BRK_IRQHandler      0x800'a761         Code  Wk  startup_stm32h743xx.o [1]
TIM1_CC_IRQHandler       0x800'a76d         Code  Wk  startup_stm32h743xx.o [1]
TIM1_TRG_COM_IRQHandler
                         0x800'a769         Code  Wk  startup_stm32h743xx.o [1]
TIM1_UP_IRQHandler       0x800'a765         Code  Wk  startup_stm32h743xx.o [1]
TIM2_IRQHandler          0x800'a771         Code  Wk  startup_stm32h743xx.o [1]
TIM3_IRQHandler          0x800'a775         Code  Wk  startup_stm32h743xx.o [1]
TIM4_IRQHandler          0x800'a779         Code  Wk  startup_stm32h743xx.o [1]
TIM5_IRQHandler          0x800'a7c5         Code  Wk  startup_stm32h743xx.o [1]
TIM6_DAC_IRQHandler      0x800'a7d1         Code  Wk  startup_stm32h743xx.o [1]
TIM7_IRQHandler          0x800'a4f5    0xa  Code  Gb  stm32h7xx_it.o [4]
TIM8_BRK_TIM12_IRQHandler
                         0x800'a7a9         Code  Wk  startup_stm32h743xx.o [1]
TIM8_CC_IRQHandler       0x800'a7b5         Code  Wk  startup_stm32h743xx.o [1]
TIM8_TRG_COM_TIM14_IRQHandler
                         0x800'a7b1         Code  Wk  startup_stm32h743xx.o [1]
TIM8_UP_TIM13_IRQHandler
                         0x800'a7ad         Code  Wk  startup_stm32h743xx.o [1]
TIM_Base_SetConfig       0x800'9941   0xd4  Code  Gb  stm32h7xx_hal_tim.o [6]
TIM_ETR_SetConfig        0x800'9d85   0x16  Code  Gb  stm32h7xx_hal_tim.o [6]
TIM_ITRx_SetConfig       0x800'9d3b   0x10  Code  Lc  stm32h7xx_hal_tim.o [6]
TIM_OC1_SetConfig        0x800'9a17   0x9c  Code  Lc  stm32h7xx_hal_tim.o [6]
TIM_OC2_SetConfig        0x800'9ab3   0x8e  Code  Gb  stm32h7xx_hal_tim.o [6]
TIM_OC3_SetConfig        0x800'9b41   0x8c  Code  Lc  stm32h7xx_hal_tim.o [6]
TIM_OC4_SetConfig        0x800'9bcd   0x6a  Code  Lc  stm32h7xx_hal_tim.o [6]
TIM_OC5_SetConfig        0x800'9c37   0x5a  Code  Lc  stm32h7xx_hal_tim.o [6]
TIM_OC6_SetConfig        0x800'9c91   0x5a  Code  Lc  stm32h7xx_hal_tim.o [6]
TIM_TI1_ConfigInputStage
                         0x800'9cf1   0x24  Code  Lc  stm32h7xx_hal_tim.o [6]
TIM_TI2_ConfigInputStage
                         0x800'9d15   0x26  Code  Lc  stm32h7xx_hal_tim.o [6]
TLE7230_Init             0x800'69b1   0x2c  Code  Gb  tle7230.o [2]
TON4980                 0x2400'0600   0x24  Data  Gb  main.o [4]
TON4980_Calc             0x800'574d   0x7c  Code  Lc  main.o [4]
TON4980_Start            0x800'69dd   0x46  Code  Gb  pud.o [2]
UART4_IRQHandler         0x800'a7c9         Code  Wk  startup_stm32h743xx.o [1]
UART5_IRQHandler         0x800'a7cd         Code  Wk  startup_stm32h743xx.o [1]
UART7_IRQHandler         0x800'a829         Code  Wk  startup_stm32h743xx.o [1]
UART8_IRQHandler         0x800'a82d         Code  Wk  startup_stm32h743xx.o [1]
UARTEx_SetNbDataToProcess
                         0x800'91db   0x76  Code  Lc  stm32h7xx_hal_uart_ex.o [6]
UARTEx_SetNbDataToProcess::denominator
                         0x800'a708    0x8  Data  Lc  stm32h7xx_hal_uart_ex.o [6]
UARTEx_SetNbDataToProcess::numerator
                         0x800'a700    0x8  Data  Lc  stm32h7xx_hal_uart_ex.o [6]
UARTPrescTable           0x800'a6b0   0x18  Data  Gb  stm32h7xx_hal_uart.o [6]
UART_AdvFeatureConfig    0x800'8d59   0xda  Code  Gb  stm32h7xx_hal_uart.o [6]
UART_CheckIdleState      0x800'8e33   0xd6  Code  Gb  stm32h7xx_hal_uart.o [6]
UART_EndRxTransfer       0x800'8fa7   0x60  Code  Lc  stm32h7xx_hal_uart.o [6]
UART_SetConfig           0x800'87e7  0x56c  Code  Gb  stm32h7xx_hal_uart.o [6]
UART_WaitOnFlagUntilTimeout
                         0x800'8f09   0x9e  Code  Gb  stm32h7xx_hal_uart.o [6]
USART1_IRQHandler        0x800'a795         Code  Wk  startup_stm32h743xx.o [1]
USART2_IRQHandler        0x800'a799         Code  Wk  startup_stm32h743xx.o [1]
USART3_IRQHandler        0x800'a79d         Code  Wk  startup_stm32h743xx.o [1]
USART6_IRQHandler        0x800'a801         Code  Wk  startup_stm32h743xx.o [1]
UsageFault_Handler       0x800'a4a9    0x2  Code  Gb  stm32h7xx_it.o [4]
WAKEUP_PIN_IRQHandler    0x800'a915         Code  Wk  startup_stm32h743xx.o [1]
WWDG_IRQHandler          0x800'a715         Code  Wk  startup_stm32h743xx.o [1]
__NVIC_EnableIRQ         0x800'3ddd   0x20  Code  Lc  stm32h7xx_hal_cortex.o [6]
__NVIC_GetPriorityGrouping
                         0x800'3dcf    0xc  Code  Lc  stm32h7xx_hal_cortex.o [6]
__NVIC_SetPriority       0x800'3dfd   0x2c  Code  Lc  stm32h7xx_hal_cortex.o [6]
__NVIC_SetPriorityGrouping
                         0x800'3dad   0x22  Code  Lc  stm32h7xx_hal_cortex.o [6]
__aeabi_ldiv0            0x800'a389         Code  Gb  I64DivZer.o [9]
__aeabi_memcpy4          0x800'a0a1         Code  Gb  ABImemcpy.o [9]
__aeabi_memcpy8          0x800'a0a1         Code  Gb  ABImemcpy.o [9]
__aeabi_memset           0x800'86e1         Code  Gb  ABImemset.o [9]
__aeabi_uldivmod         0x800'a149         Code  Gb  I64DivMod.o [9]
__cmain                  0x800'a64d         Code  Gb  cmain.o [9]
__exit                   0x800'a681   0x14  Code  Gb  exit.o [10]
__iar_Memset             0x800'86e1         Code  Gb  ABImemset.o [9]
__iar_Memset_word        0x800'86e9         Code  Gb  ABImemset.o [9]
__iar_Sin64              0x800'83ed  0x240  Code  Lc  cos_sin64.o [8]
__iar_data_init3         0x800'a5d9   0x28  Code  Gb  data_init.o [9]
__iar_init_vfp           0x800'a601         Code  Gb  fpinit_M.o [8]
__iar_packbits_init_single3
                         0x800'4f47   0x3a  Code  Gb  packbits_init_single.o [9]
__iar_program_start      0x800'a695         Code  Gb  cstartup_M.o [9]
__iar_sin64              0x800'86dd    0x4  Code  Gb  cos_sin64.o [8]
__iar_sin_medium         0x800'86dd    0x4  Code  Gb  cos_sin64.o [8]
__iar_sin_medium64       0x800'86dd    0x4  Code  Gb  cos_sin64.o [8]
__iar_sin_mediuml        0x800'86dd    0x4  Code  Gb  cos_sin64.o [8]
__iar_zero_init3         0x800'a5a1   0x38  Code  Gb  zero_init3.o [9]
__low_level_init         0x800'a66b    0x4  Code  Gb  low_level_init.o [7]
__vector_table           0x800'0000         Data  Gb  startup_stm32h743xx.o [1]
_call_main               0x800'a659         Code  Gb  cmain.o [9]
_exit                    0x800'a675         Code  Gb  cexit.o [9]
adc_data                0x2400'0000  0x600  Data  Gb  main.o [4]
can_flg                 0x2000'08a4    0x1  Data  Gb  pud.o [2]
exit                     0x800'a66f    0x4  Code  Gb  exit.o [7]
getchar                  0x800'9efd   0x16  Code  Gb  modbus.o [2]
hdma_spi3_tx            0x2000'054c   0x78  Data  Gb  spi.o [4]
hdma_spi4_rx            0x2000'05c4   0x78  Data  Gb  spi.o [4]
hdma_spi4_tx            0x2000'063c   0x78  Data  Gb  spi.o [4]
hfdcan1                 0x2000'0030   0xa0  Data  Gb  fdcan.o [4]
hi2c1                   0x2000'06b4   0x54  Data  Gb  i2c.o [4]
hspi1                   0x2000'03b4   0x88  Data  Gb  spi.o [4]
hspi3                   0x2000'043c   0x88  Data  Gb  spi.o [4]
hspi4                   0x2000'04c4   0x88  Data  Gb  spi.o [4]
htim12                  0x2000'0754   0x4c  Data  Gb  tim.o [4]
htim16                  0x2000'07a0   0x4c  Data  Gb  tim.o [4]
htim7                   0x2000'0708   0x4c  Data  Gb  tim.o [4]
huart2                  0x2000'0320   0x94  Data  Gb  usart.o [4]
huart4                  0x2000'00d0   0x94  Data  Gb  usart.o [4]
huart5                  0x2000'0164   0x94  Data  Gb  usart.o [4]
huart7                  0x2000'01f8   0x94  Data  Gb  usart.o [4]
huart8                  0x2000'028c   0x94  Data  Gb  usart.o [4]
main                     0x800'5411  0x114  Code  Gb  main.o [4]
memset                   0x800'5813   0x14  Code  Gb  memset.o [9]
rwReg                    0x800'68ed   0xbc  Code  Lc  tle7230.o [2]
rx_data                 0x2000'085c   0x20  Data  Gb  pud.o [2]
sin                      0x800'86dd    0x4  Code  Gb  cos_sin64.o [8]
sinl                     0x800'86dd    0x4  Code  Gb  cos_sin64.o [8]
uwTick                  0x2000'08a0    0x4  Data  Gb  stm32h7xx_hal.o [6]
uwTickFreq              0x2000'002e    0x1  Data  Gb  stm32h7xx_hal.o [6]
uwTickPrio              0x2000'0020    0x4  Data  Gb  stm32h7xx_hal.o [6]


[1] = D:\WORK\PUD\PUD2023\EWARM\PUD2023\Obj\Application\EWARM
[2] = D:\WORK\PUD\PUD2023\EWARM\PUD2023\Obj\Application\PUD
[3] = D:\WORK\PUD\PUD2023\EWARM\PUD2023\Obj\Application\PUD\TASKS
[4] = D:\WORK\PUD\PUD2023\EWARM\PUD2023\Obj\Application\User\Core
[5] = D:\WORK\PUD\PUD2023\EWARM\PUD2023\Obj\Drivers\CMSIS
[6] = D:\WORK\PUD\PUD2023\EWARM\PUD2023\Obj\Drivers\STM32H7xx_HAL_Driver
[7] = dl7M_tln.a
[8] = m7M_tlv.a
[9] = rt7M_tl.a
[10] = shb_l.a

  43'086 bytes of readonly  code memory
     228 bytes of readonly  data memory
  20'171 bytes of readwrite data memory

Errors: none
Warnings: none
